
> @figma/my-make-file@0.0.1 build
> vite build

node.exe : [2m16:08:33[22m [33m[1m[vite][22m[39m [33mwarning: `esbuild` option was specified by 
"vite:react-babel" plugin. This option is deprecated, please use `oxc` instead.[39m
At line:1 char:1
+ & "C:\Program Files\nodejs/node.exe" "C:\Program Files\nodejs/node_mo ...
+ ~~~~~~~~~~~~~~~~~~~~~~~~~~~~~~~~~~~~~~~~~~~~~~~~~~~~~~~~~~~~~~~~~~~~~
    + CategoryInfo          : NotSpecified: ([2m16:08:33[2...` instead.[39m:String) [], RemoteException
    + FullyQualifiedErrorId : NativeCommandError
 
`optimizeDeps.rollupOptions` / `ssr.optimizeDeps.rollupOptions` is deprecated. Use `optimizeDeps.rolldownOptions` 
instead. Note that this option may be set by a plugin. Set VITE_DEPRECATION_TRACE=1 to see where it is called.
[vite:react-babel] We recommend switching to `@vitejs/plugin-react-oxc` for improved performance. More information at 
https://vite.dev/rolldown
[36mvite v8.0.16 [32mbuilding client environment for production...[36m[39m
(node:2932) [DEP0205] DeprecationWarning: `module.register()` is deprecated. Use `module.registerHooks()` instead.
(Use `node --trace-deprecation ...` to show where the warning was created)
[2K
[33m[plugin rolldown:vite-resolve] Module "node:fs/promises" has been externalized for browser compatibility, 
imported by "C:/Users/UTHtest/Downloads/network/node_modules/pyodide/pyodide.mjs". See 
https://vite.dev/guide/troubleshooting.html#module-externalized-for-browser-compatibility for more details.[39m
[33m[plugin rolldown:vite-resolve] Module "node:path" has been externalized for browser compatibility, imported by 
"C:/Users/UTHtest/Downloads/network/node_modules/pyodide/pyodide.mjs". See 
https://vite.dev/guide/troubleshooting.html#module-externalized-for-browser-compatibility for more details.[39m
[33m[plugin rolldown:vite-resolve] Module "node:url" has been externalized for browser compatibility, imported by 
"C:/Users/UTHtest/Downloads/network/node_modules/pyodide/pyodide.mjs". See 
https://vite.dev/guide/troubleshooting.html#module-externalized-for-browser-compatibility for more details.[39m
[33m[plugin rolldown:vite-resolve] Module "node:vm" has been externalized for browser compatibility, imported by 
"C:/Users/UTHtest/Downloads/network/node_modules/pyodide/pyodide.mjs". See 
https://vite.dev/guide/troubleshooting.html#module-externalized-for-browser-compatibility for more details.[39m
[33m[plugin rolldown:vite-resolve] Module "node:crypto" has been externalized for browser compatibility, imported by 
"C:/Users/UTHtest/Downloads/network/node_modules/pyodide/pyodide.mjs". See 
https://vite.dev/guide/troubleshooting.html#module-externalized-for-browser-compatibility for more details.[39m
[33m[plugin rolldown:vite-resolve] Module "node:child_process" has been externalized for browser compatibility, 
imported by "C:/Users/UTHtest/Downloads/network/node_modules/pyodide/pyodide.mjs". See 
https://vite.dev/guide/troubleshooting.html#module-externalized-for-browser-compatibility for more details.[39m
[33m[plugin rolldown:vite-resolve] Module "node:fs" has been externalized for browser compatibility, imported by 
"C:/Users/UTHtest/Downloads/network/node_modules/pyodide/pyodide.mjs". See 
https://vite.dev/guide/troubleshooting.html#module-externalized-for-browser-compatibility for more details.[39m
transforming...โ“ 1720 modules transformed.
[31mโ—[39m Build failed in 766ms
[31merror during build:
[31mBuild failed with 15 errors:

[31m[UNRESOLVED_IMPORT] [0mCould not resolve '../lib/components/EquipmentDetailTabs' in 
src/features/equipment/pages/EquipmentDetailPage.tsx
   [38;5;246mโ•ญ[0m[38;5;246mโ”€[0m[38;5;246m[[0m src/features/equipment/pages/EquipmentDetailPage.tsx:4:37 
[38;5;246m][0m
   [38;5;246mโ”[0m
 [38;5;246m4 โ”[0m 
[38;5;249mi[0m[38;5;249mm[0m[38;5;249mp[0m[38;5;249mo[0m[38;5;249mr[0m[38;5;249mt[0m[38;5;249m 
[0m[38;5;249m{[0m[38;5;249m [0m[38;5;249mE[0m[38;5;249mq[0m[38;5;249mu[0m[38;5;249mi[0m[38;5;249mp[0m[3
8;5;249mm[0m[38;5;249me[0m[38;5;249mn[0m[38;5;249mt[0m[38;5;249mD[0m[38;5;249me[0m[38;5;249mt[0m[38;5;249
ma[0m[38;5;249mi[0m[38;5;249ml[0m[38;5;249mT[0m[38;5;249ma[0m[38;5;249mb[0m[38;5;249ms[0m[38;5;249m 
[0m[38;5;249m}[0m[38;5;249m [0m[38;5;249mf[0m[38;5;249mr[0m[38;5;249mo[0m[38;5;249mm[0m[38;5;249m 
[0m"../lib/components/EquipmentDetailTabs"[38;5;249m;[0m
 [38;5;240m  โ”[0m                                     
โ”€โ”€โ”€โ”€โ”€โ”€โ”€โ”€โ”€โ”€โ”€โ”€โ”€โ”€โ”€โ”€โ”€โ”€โ”€โ”ฌโ”€โ”€โ”€โ”€โ”€โ”€โ”€โ”€โ”€โ”€โ”€โ”€โ”€โ”€โ”€โ”€โ”€โ”€โ”€  
 [38;5;240m  โ”[0m                                                        
โ•ฐโ”€โ”€โ”€โ”€โ”€โ”€โ”€โ”€โ”€โ”€โ”€โ”€โ”€โ”€โ”€โ”€โ”€โ”€โ”€โ”€โ”€ Module not found.
 [38;5;240m  โ”[0m 
 [38;5;240m  โ”[0m [38;5;115mHelp[0m: 'src/features/equipment/pages/EquipmentDetailPage.tsx' is imported by the 
following path:
 [38;5;240m  โ”[0m         - src/features/equipment/pages/EquipmentDetailPage.tsx
 [38;5;240m  โ”[0m         - src/app/routes.tsx
 [38;5;240m  โ”[0m         - src/app/App.tsx
 [38;5;240m  โ”[0m         - src/main.tsx
 [38;5;240m  โ”[0m         - index.html
[38;5;246mโ”€โ”€โ”€โ•ฏ[0m

[31m[UNRESOLVED_IMPORT] [0mCould not resolve '../lib/components/EquipmentGrid' in 
src/features/equipment/pages/EquipmentPage.tsx
   [38;5;246mโ•ญ[0m[38;5;246mโ”€[0m[38;5;246m[[0m src/features/equipment/pages/EquipmentPage.tsx:2:31 
[38;5;246m][0m
   [38;5;246mโ”[0m
 [38;5;246m2 โ”[0m 
[38;5;249mi[0m[38;5;249mm[0m[38;5;249mp[0m[38;5;249mo[0m[38;5;249mr[0m[38;5;249mt[0m[38;5;249m 
[0m[38;5;249m{[0m[38;5;249m [0m[38;5;249mE[0m[38;5;249mq[0m[38;5;249mu[0m[38;5;249mi[0m[38;5;249mp[0m[3
8;5;249mm[0m[38;5;249me[0m[38;5;249mn[0m[38;5;249mt[0m[38;5;249mG[0m[38;5;249mr[0m[38;5;249mi[0m[38;5;249
md[0m[38;5;249m [0m[38;5;249m}[0m[38;5;249m 
[0m[38;5;249mf[0m[38;5;249mr[0m[38;5;249mo[0m[38;5;249mm[0m[38;5;249m 
[0m"../lib/components/EquipmentGrid"[38;5;249m;[0m
 [38;5;240m  โ”[0m                               
โ”€โ”€โ”€โ”€โ”€โ”€โ”€โ”€โ”€โ”€โ”€โ”€โ”€โ”€โ”€โ”€โ”ฌโ”€โ”€โ”€โ”€โ”€โ”€โ”€โ”€โ”€โ”€โ”€โ”€โ”€โ”€โ”€โ”€  
 [38;5;240m  โ”[0m                                               
โ•ฐโ”€โ”€โ”€โ”€โ”€โ”€โ”€โ”€โ”€โ”€โ”€โ”€โ”€โ”€โ”€โ”€โ”€โ”€ Module not found.
 [38;5;240m  โ”[0m 
 [38;5;240m  โ”[0m [38;5;115mHelp[0m: 'src/features/equipment/pages/EquipmentPage.tsx' is imported by the 
following path:
 [38;5;240m  โ”[0m         - src/features/equipment/pages/EquipmentPage.tsx
 [38;5;240m  โ”[0m         - src/app/routes.tsx
 [38;5;240m  โ”[0m         - src/app/App.tsx
 [38;5;240m  โ”[0m         - src/main.tsx
 [38;5;240m  โ”[0m         - index.html
[38;5;246mโ”€โ”€โ”€โ•ฏ[0m

[31m[UNRESOLVED_IMPORT] [0mCould not resolve '../../hooks/useAuth' in src/app/lib/components/layout/AppLayout.tsx
   [38;5;246mโ•ญ[0m[38;5;246mโ”€[0m[38;5;246m[[0m src/app/lib/components/layout/AppLayout.tsx:8:25 
[38;5;246m][0m
   [38;5;246mโ”[0m
 [38;5;246m8 โ”[0m 
[38;5;249mi[0m[38;5;249mm[0m[38;5;249mp[0m[38;5;249mo[0m[38;5;249mr[0m[38;5;249mt[0m[38;5;249m 
[0m[38;5;249m{[0m[38;5;249m [0m[38;5;249mu[0m[38;5;249ms[0m[38;5;249me[0m[38;5;249mA[0m[38;5;249mu[0m[3
8;5;249mt[0m[38;5;249mh[0m[38;5;249m [0m[38;5;249m}[0m[38;5;249m 
[0m[38;5;249mf[0m[38;5;249mr[0m[38;5;249mo[0m[38;5;249mm[0m[38;5;249m 
[0m"../../hooks/useAuth"[38;5;249m;[0m
 [38;5;240m  โ”[0m                         โ”€โ”€โ”€โ”€โ”€โ”€โ”€โ”€โ”€โ”€โ”ฌโ”€โ”€โ”€โ”€โ”€โ”€โ”€โ”€โ”€โ”€  
 [38;5;240m  โ”[0m                                   โ•ฐโ”€โ”€โ”€โ”€โ”€โ”€โ”€โ”€โ”€โ”€โ”€โ”€ Module not found.
 [38;5;240m  โ”[0m 
 [38;5;240m  โ”[0m [38;5;115mHelp[0m: 'src/app/lib/components/layout/AppLayout.tsx' is imported by the following 
path:
 [38;5;240m  โ”[0m         - src/app/lib/components/layout/AppLayout.tsx
 [38;5;240m  โ”[0m         - src/app/routes.tsx
 [38;5;240m  โ”[0m         - src/app/App.tsx
 [38;5;240m  โ”[0m         - src/main.tsx
 [38;5;240m  โ”[0m         - index.html
[38;5;246mโ”€โ”€โ”€โ•ฏ[0m

[31m[UNRESOLVED_IMPORT] [0mCould not resolve '../../lib/utils' in src/app/lib/components/layout/AppLayout.tsx
   [38;5;246mโ•ญ[0m[38;5;246mโ”€[0m[38;5;246m[[0m src/app/lib/components/layout/AppLayout.tsx:9:29 
[38;5;246m][0m
   [38;5;246mโ”[0m
 [38;5;246m9 โ”[0m 
[38;5;249mi[0m[38;5;249mm[0m[38;5;249mp[0m[38;5;249mo[0m[38;5;249mr[0m[38;5;249mt[0m[38;5;249m 
[0m[38;5;249m{[0m[38;5;249m [0m[38;5;249mg[0m[38;5;249me[0m[38;5;249mt[0m[38;5;249mI[0m[38;5;249mn[0m[3
8;5;249mi[0m[38;5;249mt[0m[38;5;249mi[0m[38;5;249ma[0m[38;5;249ml[0m[38;5;249ms[0m[38;5;249m 
[0m[38;5;249m}[0m[38;5;249m [0m[38;5;249mf[0m[38;5;249mr[0m[38;5;249mo[0m[38;5;249mm[0m[38;5;249m 
[0m"../../lib/utils"[38;5;249m;[0m
 [38;5;240m  โ”[0m                             โ”€โ”€โ”€โ”€โ”€โ”€โ”€โ”€โ”ฌโ”€โ”€โ”€โ”€โ”€โ”€โ”€โ”€  
 [38;5;240m  โ”[0m                                     โ•ฐโ”€โ”€โ”€โ”€โ”€โ”€โ”€โ”€โ”€โ”€ Module not found.
 [38;5;240m  โ”[0m 
 [38;5;240m  โ”[0m [38;5;115mHelp[0m: 'src/app/lib/components/layout/AppLayout.tsx' is imported by the following 
path:
 [38;5;240m  โ”[0m         - src/app/lib/components/layout/AppLayout.tsx
 [38;5;240m  โ”[0m         - src/app/routes.tsx
 [38;5;240m  โ”[0m         - src/app/App.tsx
 [38;5;240m  โ”[0m         - src/main.tsx
 [38;5;240m  โ”[0m         - index.html
[38;5;246mโ”€โ”€โ”€โ•ฏ[0m

[31m[UNRESOLVED_IMPORT] [0mCould not resolve '../../contexts/ActivityContext' in 
src/app/lib/components/layout/AppLayout.tsx
    [38;5;246mโ•ญ[0m[38;5;246mโ”€[0m[38;5;246m[[0m src/app/lib/components/layout/AppLayout.tsx:10:34 
[38;5;246m][0m
    [38;5;246mโ”[0m
 [38;5;246m10 โ”[0m 
[38;5;249mi[0m[38;5;249mm[0m[38;5;249mp[0m[38;5;249mo[0m[38;5;249mr[0m[38;5;249mt[0m[38;5;249m 
[0m[38;5;249m{[0m[38;5;249m [0m[38;5;249mA[0m[38;5;249mc[0m[38;5;249mt[0m[38;5;249mi[0m[38;5;249mv[0m[3
8;5;249mi[0m[38;5;249mt[0m[38;5;249my[0m[38;5;249mP[0m[38;5;249mr[0m[38;5;249mo[0m[38;5;249mv[0m[38;5;249
mi[0m[38;5;249md[0m[38;5;249me[0m[38;5;249mr[0m[38;5;249m [0m[38;5;249m}[0m[38;5;249m 
[0m[38;5;249mf[0m[38;5;249mr[0m[38;5;249mo[0m[38;5;249mm[0m[38;5;249m 
[0m"../../contexts/ActivityContext"[38;5;249m;[0m
 [38;5;240m   โ”[0m                                  
โ”€โ”€โ”€โ”€โ”€โ”€โ”€โ”€โ”€โ”€โ”€โ”€โ”€โ”€โ”€โ”€โ”ฌโ”€โ”€โ”€โ”€โ”€โ”€โ”€โ”€โ”€โ”€โ”€โ”€โ”€โ”€โ”€  
 [38;5;240m   โ”[0m                                                  
โ•ฐโ”€โ”€โ”€โ”€โ”€โ”€โ”€โ”€โ”€โ”€โ”€โ”€โ”€โ”€โ”€โ”€โ”€ Module not found.
 [38;5;240m   โ”[0m 
 [38;5;240m   โ”[0m [38;5;115mHelp[0m: 'src/app/lib/components/layout/AppLayout.tsx' is imported by the following 
path:
 [38;5;240m   โ”[0m         - src/app/lib/components/layout/AppLayout.tsx
 [38;5;240m   โ”[0m         - src/app/routes.tsx
 [38;5;240m   โ”[0m         - src/app/App.tsx
 [38;5;240m   โ”[0m         - src/main.tsx
 [38;5;240m   โ”[0m         - index.html
[38;5;246mโ”€โ”€โ”€โ”€โ•ฏ[0m

...[31m
    at aggregateBindingErrorsIntoJsError 
(file:///C:/Users/UTHtest/Downloads/network/node_modules/rolldown/dist/shared/error-BuvQYXuZ.mjs:48:18)
    at unwrapBindingResult 
(file:///C:/Users/UTHtest/Downloads/network/node_modules/rolldown/dist/shared/error-BuvQYXuZ.mjs:18:128)
    at #build 
(file:///C:/Users/UTHtest/Downloads/network/node_modules/rolldown/dist/shared/rolldown-build-CrPk_lZe.mjs:3246:34)
    at async buildEnvironment 
(file:///C:/Users/UTHtest/Downloads/network/node_modules/vite/dist/node/chunks/node.js:33253:64)
    at async Object.build 
(file:///C:/Users/UTHtest/Downloads/network/node_modules/vite/dist/node/chunks/node.js:33675:19)
    at async Object.buildApp 
(file:///C:/Users/UTHtest/Downloads/network/node_modules/vite/dist/node/chunks/node.js:33672:153)
    at async CAC.<anonymous> (file:///C:/Users/UTHtest/Downloads/network/node_modules/vite/dist/node/cli.js:777:3) {
  errors: [Getter/Setter]
}[39m
